com/checkba/controller/AuthController$ClientLoginRequest.class
com/checkba/controller/ai/AiAgentController$PptGenerationRequest.class
com/checkba/config/AiModelProperties$Gemini.class
com/checkba/config/AiConfiguration.class
com/checkba/dto/ai/TaskProgressEvent$TaskProgressEventBuilder.class
com/checkba/model/entity/MemoryEntry$MemoryType.class
com/checkba/model/dto/SearchResult$SearchResultBuilder.class
com/checkba/service/ai/tools/LegalTools.class
com/checkba/service/DocFileLinkService$DocFileLinkResult.class
com/checkba/controller/AdminConfigController.class
com/checkba/storage/LocalFileStorageService.class
com/checkba/repository/TokenUsageRepository.class
com/checkba/model/entity/TokenUsage.class
com/checkba/service/ai/AgentOrchestrator.class
com/checkba/controller/ai/AiChatController$FileCountWrapper.class
com/checkba/service/ai/memory/MemCellExtractor$MemCellData.class
com/checkba/controller/DocFileLinkController$CreateOrAppendRequest.class
com/checkba/model/entity/CompanyMirror.class
com/checkba/model/entity/ConversationFileChange.class
com/checkba/service/WebFavoriteService.class
com/checkba/service/ProjectMemberService.class
com/checkba/service/ai/context/LegalInfoProtector$ProtectedSegment.class
com/checkba/service/DdService.class
com/checkba/controller/ai/AiAgentController.class
com/checkba/config/DataInitializer.class
com/checkba/service/StockCodeService.class
com/checkba/dto/ai/HeartbeatEvent$HeartbeatEventBuilder.class
com/checkba/service/ai/ChatModelFactory.class
com/checkba/controller/AuthController$LoginRequest.class
com/checkba/controller/TtsController$GenerateRequest.class
com/checkba/repository/UserRepository.class
com/checkba/controller/AdminConfigController$QichachaConfig.class
com/checkba/model/entity/DocFileLink.class
com/checkba/service/TtsService$GenerateData.class
com/checkba/service/ai/ContextAssemblerService$1.class
com/checkba/model/entity/FileVariable.class
com/checkba/service/ai/WpsActionService$WpsActionResult.class
com/checkba/repository/ProjectInvitationRepository.class
com/checkba/controller/ProjectVariableController.class
com/checkba/service/FileTagService.class
com/checkba/service/TtsService$VoiceJson.class
com/checkba/model/dto/ProjectCreateRequest.class
com/checkba/controller/ai/AiChatController$AiExportDocxRequest.class
com/checkba/service/ai/AgentStreamHandler.class
com/checkba/model/ai/AiAssistantConfig.class
com/checkba/model/entity/Tag.class
com/checkba/repository/DdItemRepository.class
com/checkba/controller/ActivityLogController$LogRequest.class
com/checkba/controller/ClipboardController.class
com/checkba/controller/DdController$UpdateStatusDto.class
com/checkba/controller/ActivityLogController.class
com/checkba/repository/UserVariableRepository.class
com/checkba/service/ai/ConversationFileChangeService.class
com/checkba/repository/DocFileLinkRepository.class
com/checkba/controller/AdminConfigController$WpsConfig.class
com/checkba/model/dto/ProjectFileBatchRequest.class
com/checkba/model/entity/UserActivityLog.class
com/checkba/service/ai/tools/WpsTools.class
com/checkba/config/AiModelProperties$Ollama.class
com/checkba/controller/DocFileLinkController.class
com/checkba/model/dto/SearchResult.class
com/checkba/controller/ai/AiChatController$1.class
com/checkba/service/ai/WpsActionService.class
com/checkba/model/dto/ProjectCardDTO.class
com/checkba/model/dto/SearchResult$FileSearchResult$FileSearchResultBuilder.class
com/checkba/service/ai/memory/MemCellExtractor.class
com/checkba/service/ai/PptxServiceClient$PptxSlideEditResult.class
com/checkba/service/ai/memory/ProjectMemoryExtractor.class
com/checkba/controller/OcrController.class
com/checkba/dto/ai/BackgroundTaskEvent$BackgroundTaskEventBuilder.class
com/checkba/controller/ai/AiChatController$AiChatRequest.class
com/checkba/model/dto/SearchResult$FileSearchResult.class
com/checkba/model/ai/TaskInfo$TaskStatus.class
com/checkba/service/ai/context/FileContentExtractorService.class
com/checkba/repository/ProjectFileRepository.class
com/checkba/controller/ai/WpsResultController.class
com/checkba/model/entity/UserVariable.class
com/checkba/repository/ProjectAiMessageRepository.class
com/checkba/repository/DdRequestRepository.class
com/checkba/controller/DdController$UpdateInfoDto.class
com/checkba/controller/WebFavoriteController.class
com/checkba/service/OcrService.class
com/checkba/service/ClipboardService.class
com/checkba/service/ai/tools/FileTools.class
com/checkba/storage/StorageService.class
com/checkba/controller/AdminConfigController$AiConfig.class
com/checkba/model/entity/ProjectMemory$ProjectMemoryBuilder.class
com/checkba/service/ai/context/LegalInfoProtector.class
com/checkba/service/ai/context/ContextCompressor$CompressionStats.class
com/checkba/controller/ai/AiAgentController$ContextItem.class
com/checkba/controller/ProjectFileController$MoveRequest.class
com/checkba/service/ai/tools/PptxTools.class
com/checkba/dto/ai/HeartbeatEvent.class
com/checkba/controller/FileVariableController.class
com/checkba/service/ProjectFileService.class
com/checkba/service/ai/tools/WebTools.class
com/checkba/model/entity/ProjectAiMessage.class
com/checkba/controller/TtsController.class
com/checkba/repository/ProjectMemoryRepository.class
com/checkba/controller/TagController$UpdateTagRequest.class
com/checkba/model/entity/ProjectMemory.class
com/checkba/service/SystemSettingService.class
com/checkba/model/ai/TaskInfo$TaskType.class
com/checkba/service/ai/BackgroundTaskService.class
com/checkba/model/entity/MemoryEntry$MemoryEntryBuilder.class
com/checkba/service/TushareService.class
com/checkba/service/ClientInvitationService.class
com/checkba/service/ai/PptxServiceClient.class
com/checkba/util/DocxStyleHelper.class
com/checkba/controller/AuthController$RegisterRequest.class
com/checkba/model/entity/Project.class
com/checkba/controller/ProjectFileController.class
com/checkba/repository/SystemSettingRepository.class
com/checkba/controller/DdController$CommentDto.class
com/checkba/repository/ProjectMemberRepository.class
com/checkba/service/ai/context/ConversationSummarizer$EpisodeResult.class
com/checkba/repository/FileVariableRepository.class
com/checkba/controller/ProjectMemberController.class
com/checkba/service/ai/tools/PptxEditTools.class
com/checkba/controller/AuthController.class
com/checkba/controller/SearchController.class
com/checkba/repository/MemoryEntryRepository.class
com/checkba/controller/DdController.class
com/checkba/controller/ai/WpsResultController$WpsResultResponse.class
com/checkba/controller/AdminConfigController$AdminConfigResponse.class
com/checkba/service/ai/PptxServiceClient$StandaloneImageEditResult.class
com/checkba/repository/WebFavoriteRepository.class
com/checkba/repository/CompanyMirrorRepository.class
com/checkba/model/dto/CompanyBasicInfoDTO.class
com/checkba/model/entity/WebFavorite.class
com/checkba/dto/ai/BackgroundTaskEvent$EventType.class
com/checkba/repository/ProjectRepository.class
com/checkba/service/ai/memory/AgenticRetriever$RetrievalAssessment.class
com/checkba/repository/DdCommentRepository.class
com/checkba/controller/TagController$CreateTagRequest.class
com/checkba/service/ai/PluginService.class
com/checkba/controller/UserVariableController.class
com/checkba/model/entity/UserMemory$UserMemoryBuilder.class
com/checkba/controller/ai/PluginController.class
com/checkba/controller/ProjectFileController$RenameRequest.class
com/checkba/service/TtsService$GenerateResponse.class
com/checkba/controller/ProjectController.class
com/checkba/service/ai/PptxServiceClient$ProgressCallback.class
com/checkba/model/entity/DdRequest.class
com/checkba/service/ai/SseEmitterService.class
com/checkba/storage/StorageServiceFactory.class
com/checkba/service/ai/ProjectRagService.class
com/checkba/controller/CustomerController.class
com/checkba/storage/StorageProperties$Oss.class
com/checkba/controller/AdminConfigController$AliyunOcrConfig.class
com/checkba/model/entity/ConversationSummary$ConversationSummaryBuilder.class
com/checkba/controller/ai/AiAgentController$AgentChatRequest.class
com/checkba/service/ai/memory/AgenticRetriever.class
com/checkba/controller/AdminConfigController$AdminConfigUpdateRequest.class
com/checkba/storage/OssStorageService.class
com/checkba/service/DocFileLinkService.class
com/checkba/repository/UserMemoryRepository.class
com/checkba/model/entity/ProjectInvitation.class
com/checkba/model/entity/UserMemory.class
com/checkba/storage/StorageProperties.class
com/checkba/controller/TagController.class
com/checkba/controller/DdController$AddItemDto.class
com/checkba/controller/OcrController$OcrRequest.class
com/checkba/controller/DdController$MoveItemDto.class
com/checkba/service/ai/mcp/McpClientService.class
com/checkba/controller/ai/AiChatController$AiChatContext.class
com/checkba/service/TagService.class
com/checkba/controller/WpsApiController.class
com/checkba/CheckbaApplication.class
com/checkba/service/UserService.class
com/checkba/controller/FileController.class
com/checkba/service/ai/PptxServiceClient$ModelConfig$ModelConfigBuilder.class
com/checkba/repository/UserActivityLogRepository.class
com/checkba/config/CorsConfig.class
com/checkba/model/ai/TaskInfo$TaskInfoBuilder.class
com/checkba/controller/ai/AiChatController.class
com/checkba/repository/ClipboardItemRepository.class
com/checkba/config/GlobalExceptionHandler.class
com/checkba/model/entity/User.class
com/checkba/repository/ConversationSummaryRepository.class
com/checkba/model/ai/AgentMode.class
com/checkba/controller/ProjectFileController$AddTagRequest.class
com/checkba/service/ai/GeminiChatLanguageModel.class
com/checkba/service/TtsService$VoiceListResponse.class
com/checkba/service/ai/context/LegalInfoProtector$ProtectedPattern.class
com/checkba/storage/StorageException.class
com/checkba/controller/WpsController.class
com/checkba/controller/ai/AiChatController$AiChatResponse.class
com/checkba/model/entity/ClipboardItem.class
com/checkba/service/ocr/OcrResult.class
com/checkba/controller/AdminConfigController$TushareConfig.class
com/checkba/service/ai/AllowedModels.class
com/checkba/service/ai/context/LegalInfoProtector$CompressedResult.class
com/checkba/service/CompanyMirrorService.class
com/checkba/controller/ClipboardController$SaveTextRequest.class
com/checkba/service/WpsService.class
com/checkba/dto/ai/TaskProgressEvent.class
com/checkba/config/PgVectorConfig.class
com/checkba/service/ai/tools/MemoryTools.class
com/checkba/service/ai/PptxServiceClient$ModelConfig.class
com/checkba/service/UserVariableService.class
com/checkba/controller/AdminConfigController$UserSummary.class
com/checkba/repository/ConversationFileChangeRepository.class
com/checkba/model/entity/SystemSetting.class
com/checkba/controller/AdminConfigController$ExternalServicesConfig.class
com/checkba/controller/UserController.class
com/checkba/service/ai/ContextAssemblerService.class
com/checkba/repository/FileTagRepository.class
com/checkba/service/ai/PptxServiceClient$PptxGenerationResult.class
com/checkba/service/ProjectService.class
com/checkba/repository/ProjectVariableRepository.class
com/checkba/model/entity/FileTag.class
com/checkba/service/ai/ProjectAssistant.class
com/checkba/config/AiConfiguration$1.class
com/checkba/service/ai/context/LegalInfoProtector$ProtectionLevel.class
com/checkba/controller/ExternalController.class
com/checkba/controller/ai/WpsResultController$WpsResultPayload.class
com/checkba/service/TtsService.class
com/checkba/service/ai/memory/MemoryManager.class
com/checkba/config/AiModelProperties$Provider.class
com/checkba/config/CorsConfig$CorsPreflightFilter.class
com/checkba/controller/ProjectMemberController$AddMemberRequest.class
com/checkba/controller/DdController$CreateRequestDto.class
com/checkba/service/ocr/AliyunOcrClient.class
com/checkba/service/ai/context/ConversationSummarizer$SummaryResult.class
com/checkba/controller/WpsPublicController.class
com/checkba/config/AiModelProperties$OpenRouter.class
com/checkba/service/ai/MediaProcessingService.class
com/checkba/service/UserActivityLogService.class
com/checkba/service/ProjectAiMessageService.class
com/checkba/service/DocFileLinkService$1.class
com/checkba/service/QichachaService.class
com/checkba/model/entity/MemoryEntry.class
com/checkba/config/AiModelProperties.class
com/checkba/service/TtsService$VoiceOption.class
com/checkba/service/ai/context/ProjectContextHolder.class
com/checkba/service/ai/DynamicContentRetriever.class
com/checkba/model/entity/DdItem.class
com/checkba/controller/WebFavoriteController$WebFavoriteListItem.class
com/checkba/service/ai/tools/FileTools$1.class
com/checkba/model/dto/CompanySearchRequest.class
com/checkba/service/ai/PluginService$PluginMetadata.class
com/checkba/service/DocFileLinkService$2.class
com/checkba/service/ai/context/LegalInfoProtector$ValidationResult.class
com/checkba/service/ai/TokenUsageService.class
com/checkba/service/ai/AutoTaggingService.class
com/checkba/model/entity/ConversationSummary.class
com/checkba/repository/TagRepository.class
com/checkba/service/ocr/AliyunOcrClientFactory.class
com/checkba/model/entity/ProjectVariable.class
com/checkba/service/ai/context/ConversationSummarizer.class
com/checkba/dto/ai/BackgroundTaskEvent.class
com/checkba/service/ContentSearchService.class
com/checkba/model/dto/SearchResult$MatchInfo$MatchInfoBuilder.class
com/checkba/service/ProjectVariableService.class
com/checkba/model/entity/DdComment.class
com/checkba/service/FileVariableService.class
com/checkba/controller/BrowserProxyController.class
com/checkba/controller/AdminConfigController$1.class
com/checkba/model/entity/ProjectMember.class
com/checkba/model/entity/ProjectFile.class
com/checkba/service/ai/context/ContextCompressor.class
com/checkba/controller/WebFavoriteController$CreateFavoriteRequest.class
com/checkba/storage/StorageProperties$Local.class
com/checkba/controller/ai/AiAgentController$RollbackRequest.class
com/checkba/model/ai/TaskInfo.class
com/checkba/model/dto/SearchRequest.class
com/checkba/controller/AdminConfigController$GoogleConfig.class
com/checkba/controller/ProjectFileController$CreateFolderRequest.class
com/checkba/service/ai/AiDocxExportService.class
com/checkba/service/ai/tools/PythonTools.class
com/checkba/model/dto/SearchResult$MatchInfo.class
com/checkba/controller/ProjectFileController$CreateFileRequest.class
com/checkba/controller/DdController$UpdateRequestDto.class
