/Users/zewei/Documents/2024-2044/17-checkba_cloud/backend/src/main/java/com/checkba/service/UserActivityLogService.java
/Users/zewei/Documents/2024-2044/17-checkba_cloud/backend/src/main/java/com/checkba/service/CompanyMirrorService.java
/Users/zewei/Documents/2024-2044/17-checkba_cloud/backend/src/main/java/com/checkba/repository/ProjectAiMessageRepository.java
/Users/zewei/Documents/2024-2044/17-checkba_cloud/backend/src/main/java/com/checkba/model/entity/ConversationSummary.java
/Users/zewei/Documents/2024-2044/17-checkba_cloud/backend/src/main/java/com/checkba/repository/UserRepository.java
/Users/zewei/Documents/2024-2044/17-checkba_cloud/backend/src/main/java/com/checkba/model/entity/ConversationFileChange.java
/Users/zewei/Documents/2024-2044/17-checkba_cloud/backend/src/main/java/com/checkba/service/ai/tools/FileTools.java
/Users/zewei/Documents/2024-2044/17-checkba_cloud/backend/src/main/java/com/checkba/storage/StorageServiceFactory.java
/Users/zewei/Documents/2024-2044/17-checkba_cloud/backend/src/main/java/com/checkba/service/ProjectMemberService.java
/Users/zewei/Documents/2024-2044/17-checkba_cloud/backend/src/main/java/com/checkba/config/AiModelProperties.java
/Users/zewei/Documents/2024-2044/17-checkba_cloud/backend/src/main/java/com/checkba/controller/DdController.java
/Users/zewei/Documents/2024-2044/17-checkba_cloud/backend/src/main/java/com/checkba/repository/DdRequestRepository.java
/Users/zewei/Documents/2024-2044/17-checkba_cloud/backend/src/main/java/com/checkba/service/ai/tools/WpsTools.java
/Users/zewei/Documents/2024-2044/17-checkba_cloud/backend/src/main/java/com/checkba/service/ai/GeminiChatLanguageModel.java
/Users/zewei/Documents/2024-2044/17-checkba_cloud/backend/src/main/java/com/checkba/model/entity/ProjectVariable.java
/Users/zewei/Documents/2024-2044/17-checkba_cloud/backend/src/main/java/com/checkba/service/ai/tools/WebTools.java
/Users/zewei/Documents/2024-2044/17-checkba_cloud/backend/src/main/java/com/checkba/service/ClientInvitationService.java
/Users/zewei/Documents/2024-2044/17-checkba_cloud/backend/src/main/java/com/checkba/model/dto/ProjectFileBatchRequest.java
/Users/zewei/Documents/2024-2044/17-checkba_cloud/backend/src/main/java/com/checkba/model/entity/UserVariable.java
/Users/zewei/Documents/2024-2044/17-checkba_cloud/backend/src/main/java/com/checkba/repository/ProjectMemberRepository.java
/Users/zewei/Documents/2024-2044/17-checkba_cloud/backend/src/main/java/com/checkba/service/OcrService.java
/Users/zewei/Documents/2024-2044/17-checkba_cloud/backend/src/main/java/com/checkba/repository/FileTagRepository.java
/Users/zewei/Documents/2024-2044/17-checkba_cloud/backend/src/main/java/com/checkba/service/ai/context/ProjectContextHolder.java
/Users/zewei/Documents/2024-2044/17-checkba_cloud/backend/src/main/java/com/checkba/service/ai/AutoTaggingService.java
/Users/zewei/Documents/2024-2044/17-checkba_cloud/backend/src/main/java/com/checkba/repository/FileVariableRepository.java
/Users/zewei/Documents/2024-2044/17-checkba_cloud/backend/src/main/java/com/checkba/service/ai/ConversationFileChangeService.java
/Users/zewei/Documents/2024-2044/17-checkba_cloud/backend/src/main/java/com/checkba/config/GlobalExceptionHandler.java
/Users/zewei/Documents/2024-2044/17-checkba_cloud/backend/src/main/java/com/checkba/model/entity/FileTag.java
/Users/zewei/Documents/2024-2044/17-checkba_cloud/backend/src/main/java/com/checkba/service/WpsService.java
/Users/zewei/Documents/2024-2044/17-checkba_cloud/backend/src/main/java/com/checkba/config/DataInitializer.java
/Users/zewei/Documents/2024-2044/17-checkba_cloud/backend/src/main/java/com/checkba/service/ai/DynamicContentRetriever.java
/Users/zewei/Documents/2024-2044/17-checkba_cloud/backend/src/main/java/com/checkba/model/entity/FileVariable.java
/Users/zewei/Documents/2024-2044/17-checkba_cloud/backend/src/main/java/com/checkba/controller/ClipboardController.java
/Users/zewei/Documents/2024-2044/17-checkba_cloud/backend/src/main/java/com/checkba/repository/ConversationSummaryRepository.java
/Users/zewei/Documents/2024-2044/17-checkba_cloud/backend/src/main/java/com/checkba/service/ai/AllowedModels.java
/Users/zewei/Documents/2024-2044/17-checkba_cloud/backend/src/main/java/com/checkba/model/entity/MemoryEntry.java
/Users/zewei/Documents/2024-2044/17-checkba_cloud/backend/src/main/java/com/checkba/service/FileVariableService.java
/Users/zewei/Documents/2024-2044/17-checkba_cloud/backend/src/main/java/com/checkba/model/entity/DdComment.java
/Users/zewei/Documents/2024-2044/17-checkba_cloud/backend/src/main/java/com/checkba/repository/WebFavoriteRepository.java
/Users/zewei/Documents/2024-2044/17-checkba_cloud/backend/src/main/java/com/checkba/service/ai/context/ContextCompressor.java
/Users/zewei/Documents/2024-2044/17-checkba_cloud/backend/src/main/java/com/checkba/controller/ProjectFileController.java
/Users/zewei/Documents/2024-2044/17-checkba_cloud/backend/src/main/java/com/checkba/controller/UserController.java
/Users/zewei/Documents/2024-2044/17-checkba_cloud/backend/src/main/java/com/checkba/controller/WpsController.java
/Users/zewei/Documents/2024-2044/17-checkba_cloud/backend/src/main/java/com/checkba/service/ai/WpsActionService.java
/Users/zewei/Documents/2024-2044/17-checkba_cloud/backend/src/main/java/com/checkba/repository/ClipboardItemRepository.java
/Users/zewei/Documents/2024-2044/17-checkba_cloud/backend/src/main/java/com/checkba/repository/ConversationFileChangeRepository.java
/Users/zewei/Documents/2024-2044/17-checkba_cloud/backend/src/main/java/com/checkba/service/ai/MediaProcessingService.java
/Users/zewei/Documents/2024-2044/17-checkba_cloud/backend/src/main/java/com/checkba/controller/ai/AiAgentController.java
/Users/zewei/Documents/2024-2044/17-checkba_cloud/backend/src/main/java/com/checkba/repository/UserMemoryRepository.java
/Users/zewei/Documents/2024-2044/17-checkba_cloud/backend/src/main/java/com/checkba/service/ai/tools/PptxTools.java
/Users/zewei/Documents/2024-2044/17-checkba_cloud/backend/src/main/java/com/checkba/service/StockCodeService.java
/Users/zewei/Documents/2024-2044/17-checkba_cloud/backend/src/main/java/com/checkba/model/dto/ProjectCardDTO.java
/Users/zewei/Documents/2024-2044/17-checkba_cloud/backend/src/main/java/com/checkba/service/TtsService.java
/Users/zewei/Documents/2024-2044/17-checkba_cloud/backend/src/main/java/com/checkba/service/ai/tools/PythonTools.java
/Users/zewei/Documents/2024-2044/17-checkba_cloud/backend/src/main/java/com/checkba/controller/ai/AiChatController.java
/Users/zewei/Documents/2024-2044/17-checkba_cloud/backend/src/main/java/com/checkba/service/ai/AgentStreamHandler.java
/Users/zewei/Documents/2024-2044/17-checkba_cloud/backend/src/main/java/com/checkba/service/ai/SseEmitterService.java
/Users/zewei/Documents/2024-2044/17-checkba_cloud/backend/src/main/java/com/checkba/controller/UserVariableController.java
/Users/zewei/Documents/2024-2044/17-checkba_cloud/backend/src/main/java/com/checkba/service/UserVariableService.java
/Users/zewei/Documents/2024-2044/17-checkba_cloud/backend/src/main/java/com/checkba/model/dto/ProjectCreateRequest.java
/Users/zewei/Documents/2024-2044/17-checkba_cloud/backend/src/main/java/com/checkba/repository/TokenUsageRepository.java
/Users/zewei/Documents/2024-2044/17-checkba_cloud/backend/src/main/java/com/checkba/repository/ProjectRepository.java
/Users/zewei/Documents/2024-2044/17-checkba_cloud/backend/src/main/java/com/checkba/controller/WebFavoriteController.java
/Users/zewei/Documents/2024-2044/17-checkba_cloud/backend/src/main/java/com/checkba/controller/WpsPublicController.java
/Users/zewei/Documents/2024-2044/17-checkba_cloud/backend/src/main/java/com/checkba/dto/ai/HeartbeatEvent.java
/Users/zewei/Documents/2024-2044/17-checkba_cloud/backend/src/main/java/com/checkba/service/ProjectFileService.java
/Users/zewei/Documents/2024-2044/17-checkba_cloud/backend/src/main/java/com/checkba/storage/StorageService.java
/Users/zewei/Documents/2024-2044/17-checkba_cloud/backend/src/main/java/com/checkba/service/DdService.java
/Users/zewei/Documents/2024-2044/17-checkba_cloud/backend/src/main/java/com/checkba/service/ai/PluginService.java
/Users/zewei/Documents/2024-2044/17-checkba_cloud/backend/src/main/java/com/checkba/repository/UserVariableRepository.java
/Users/zewei/Documents/2024-2044/17-checkba_cloud/backend/src/main/java/com/checkba/storage/StorageProperties.java
/Users/zewei/Documents/2024-2044/17-checkba_cloud/backend/src/main/java/com/checkba/service/ai/ProjectAssistant.java
/Users/zewei/Documents/2024-2044/17-checkba_cloud/backend/src/main/java/com/checkba/storage/StorageException.java
/Users/zewei/Documents/2024-2044/17-checkba_cloud/backend/src/main/java/com/checkba/controller/ProjectController.java
/Users/zewei/Documents/2024-2044/17-checkba_cloud/backend/src/main/java/com/checkba/service/ProjectService.java
/Users/zewei/Documents/2024-2044/17-checkba_cloud/backend/src/main/java/com/checkba/service/ai/tools/LegalTools.java
/Users/zewei/Documents/2024-2044/17-checkba_cloud/backend/src/main/java/com/checkba/service/ai/memory/AgenticRetriever.java
/Users/zewei/Documents/2024-2044/17-checkba_cloud/backend/src/main/java/com/checkba/service/ai/BackgroundTaskService.java
/Users/zewei/Documents/2024-2044/17-checkba_cloud/backend/src/main/java/com/checkba/controller/ActivityLogController.java
/Users/zewei/Documents/2024-2044/17-checkba_cloud/backend/src/main/java/com/checkba/repository/ProjectInvitationRepository.java
/Users/zewei/Documents/2024-2044/17-checkba_cloud/backend/src/main/java/com/checkba/repository/ProjectVariableRepository.java
/Users/zewei/Documents/2024-2044/17-checkba_cloud/backend/src/main/java/com/checkba/model/ai/AiAssistantConfig.java
/Users/zewei/Documents/2024-2044/17-checkba_cloud/backend/src/main/java/com/checkba/service/ai/mcp/McpClientService.java
/Users/zewei/Documents/2024-2044/17-checkba_cloud/backend/src/main/java/com/checkba/controller/FileVariableController.java
/Users/zewei/Documents/2024-2044/17-checkba_cloud/backend/src/main/java/com/checkba/model/dto/CompanySearchRequest.java
/Users/zewei/Documents/2024-2044/17-checkba_cloud/backend/src/main/java/com/checkba/service/QichachaService.java
/Users/zewei/Documents/2024-2044/17-checkba_cloud/backend/src/main/java/com/checkba/model/entity/Tag.java
/Users/zewei/Documents/2024-2044/17-checkba_cloud/backend/src/main/java/com/checkba/service/ContentSearchService.java
/Users/zewei/Documents/2024-2044/17-checkba_cloud/backend/src/main/java/com/checkba/model/entity/UserMemory.java
/Users/zewei/Documents/2024-2044/17-checkba_cloud/backend/src/main/java/com/checkba/repository/TagRepository.java
/Users/zewei/Documents/2024-2044/17-checkba_cloud/backend/src/main/java/com/checkba/service/ocr/OcrResult.java
/Users/zewei/Documents/2024-2044/17-checkba_cloud/backend/src/main/java/com/checkba/service/ProjectVariableService.java
/Users/zewei/Documents/2024-2044/17-checkba_cloud/backend/src/main/java/com/checkba/service/ai/TokenUsageService.java
/Users/zewei/Documents/2024-2044/17-checkba_cloud/backend/src/main/java/com/checkba/repository/SystemSettingRepository.java
/Users/zewei/Documents/2024-2044/17-checkba_cloud/backend/src/main/java/com/checkba/model/entity/DdRequest.java
/Users/zewei/Documents/2024-2044/17-checkba_cloud/backend/src/main/java/com/checkba/service/ocr/AliyunOcrClientFactory.java
/Users/zewei/Documents/2024-2044/17-checkba_cloud/backend/src/main/java/com/checkba/controller/ai/WpsResultController.java
/Users/zewei/Documents/2024-2044/17-checkba_cloud/backend/src/main/java/com/checkba/model/entity/ProjectFile.java
/Users/zewei/Documents/2024-2044/17-checkba_cloud/backend/src/main/java/com/checkba/controller/AdminConfigController.java
/Users/zewei/Documents/2024-2044/17-checkba_cloud/backend/src/main/java/com/checkba/model/ai/AgentMode.java
/Users/zewei/Documents/2024-2044/17-checkba_cloud/backend/src/main/java/com/checkba/service/ai/memory/MemCellExtractor.java
/Users/zewei/Documents/2024-2044/17-checkba_cloud/backend/src/main/java/com/checkba/model/entity/ProjectAiMessage.java
/Users/zewei/Documents/2024-2044/17-checkba_cloud/backend/src/main/java/com/checkba/model/ai/TaskInfo.java
/Users/zewei/Documents/2024-2044/17-checkba_cloud/backend/src/main/java/com/checkba/service/ai/PptxServiceClient.java
/Users/zewei/Documents/2024-2044/17-checkba_cloud/backend/src/main/java/com/checkba/controller/TagController.java
/Users/zewei/Documents/2024-2044/17-checkba_cloud/backend/src/main/java/com/checkba/service/FileTagService.java
/Users/zewei/Documents/2024-2044/17-checkba_cloud/backend/src/main/java/com/checkba/repository/MemoryEntryRepository.java
/Users/zewei/Documents/2024-2044/17-checkba_cloud/backend/src/main/java/com/checkba/util/DocxStyleHelper.java
/Users/zewei/Documents/2024-2044/17-checkba_cloud/backend/src/main/java/com/checkba/model/entity/ProjectMember.java
/Users/zewei/Documents/2024-2044/17-checkba_cloud/backend/src/main/java/com/checkba/service/ai/tools/MemoryTools.java
/Users/zewei/Documents/2024-2044/17-checkba_cloud/backend/src/main/java/com/checkba/service/ai/ContextAssemblerService.java
/Users/zewei/Documents/2024-2044/17-checkba_cloud/backend/src/main/java/com/checkba/service/ai/AgentOrchestrator.java
/Users/zewei/Documents/2024-2044/17-checkba_cloud/backend/src/main/java/com/checkba/controller/TtsController.java
/Users/zewei/Documents/2024-2044/17-checkba_cloud/backend/src/main/java/com/checkba/service/WebFavoriteService.java
/Users/zewei/Documents/2024-2044/17-checkba_cloud/backend/src/main/java/com/checkba/model/entity/SystemSetting.java
/Users/zewei/Documents/2024-2044/17-checkba_cloud/backend/src/main/java/com/checkba/model/entity/ProjectMemory.java
/Users/zewei/Documents/2024-2044/17-checkba_cloud/backend/src/main/java/com/checkba/model/entity/UserActivityLog.java
/Users/zewei/Documents/2024-2044/17-checkba_cloud/backend/src/main/java/com/checkba/controller/ExternalController.java
/Users/zewei/Documents/2024-2044/17-checkba_cloud/backend/src/main/java/com/checkba/controller/ProjectVariableController.java
/Users/zewei/Documents/2024-2044/17-checkba_cloud/backend/src/main/java/com/checkba/model/entity/TokenUsage.java
/Users/zewei/Documents/2024-2044/17-checkba_cloud/backend/src/main/java/com/checkba/service/ProjectAiMessageService.java
/Users/zewei/Documents/2024-2044/17-checkba_cloud/backend/src/main/java/com/checkba/model/entity/DocFileLink.java
/Users/zewei/Documents/2024-2044/17-checkba_cloud/backend/src/main/java/com/checkba/controller/AuthController.java
/Users/zewei/Documents/2024-2044/17-checkba_cloud/backend/src/main/java/com/checkba/model/dto/CompanyBasicInfoDTO.java
/Users/zewei/Documents/2024-2044/17-checkba_cloud/backend/src/main/java/com/checkba/model/entity/ClipboardItem.java
/Users/zewei/Documents/2024-2044/17-checkba_cloud/backend/src/main/java/com/checkba/controller/DocFileLinkController.java
/Users/zewei/Documents/2024-2044/17-checkba_cloud/backend/src/main/java/com/checkba/model/entity/WebFavorite.java
/Users/zewei/Documents/2024-2044/17-checkba_cloud/backend/src/main/java/com/checkba/service/TushareService.java
/Users/zewei/Documents/2024-2044/17-checkba_cloud/backend/src/main/java/com/checkba/service/SystemSettingService.java
/Users/zewei/Documents/2024-2044/17-checkba_cloud/backend/src/main/java/com/checkba/service/UserService.java
/Users/zewei/Documents/2024-2044/17-checkba_cloud/backend/src/main/java/com/checkba/service/ai/context/FileContentExtractorService.java
/Users/zewei/Documents/2024-2044/17-checkba_cloud/backend/src/main/java/com/checkba/config/CorsConfig.java
/Users/zewei/Documents/2024-2044/17-checkba_cloud/backend/src/main/java/com/checkba/controller/CustomerController.java
/Users/zewei/Documents/2024-2044/17-checkba_cloud/backend/src/main/java/com/checkba/storage/LocalFileStorageService.java
/Users/zewei/Documents/2024-2044/17-checkba_cloud/backend/src/main/java/com/checkba/dto/ai/BackgroundTaskEvent.java
/Users/zewei/Documents/2024-2044/17-checkba_cloud/backend/src/main/java/com/checkba/service/ai/ChatModelFactory.java
/Users/zewei/Documents/2024-2044/17-checkba_cloud/backend/src/main/java/com/checkba/model/entity/Project.java
/Users/zewei/Documents/2024-2044/17-checkba_cloud/backend/src/main/java/com/checkba/controller/WpsApiController.java
/Users/zewei/Documents/2024-2044/17-checkba_cloud/backend/src/main/java/com/checkba/service/ClipboardService.java
/Users/zewei/Documents/2024-2044/17-checkba_cloud/backend/src/main/java/com/checkba/repository/ProjectMemoryRepository.java
/Users/zewei/Documents/2024-2044/17-checkba_cloud/backend/src/main/java/com/checkba/controller/OcrController.java
/Users/zewei/Documents/2024-2044/17-checkba_cloud/backend/src/main/java/com/checkba/repository/ProjectFileRepository.java
/Users/zewei/Documents/2024-2044/17-checkba_cloud/backend/src/main/java/com/checkba/model/dto/SearchRequest.java
/Users/zewei/Documents/2024-2044/17-checkba_cloud/backend/src/main/java/com/checkba/repository/CompanyMirrorRepository.java
/Users/zewei/Documents/2024-2044/17-checkba_cloud/backend/src/main/java/com/checkba/service/ai/tools/PptxEditTools.java
/Users/zewei/Documents/2024-2044/17-checkba_cloud/backend/src/main/java/com/checkba/model/entity/User.java
/Users/zewei/Documents/2024-2044/17-checkba_cloud/backend/src/main/java/com/checkba/controller/ai/PluginController.java
/Users/zewei/Documents/2024-2044/17-checkba_cloud/backend/src/main/java/com/checkba/dto/ai/TaskProgressEvent.java
/Users/zewei/Documents/2024-2044/17-checkba_cloud/backend/src/main/java/com/checkba/model/dto/SearchResult.java
/Users/zewei/Documents/2024-2044/17-checkba_cloud/backend/src/main/java/com/checkba/repository/DdItemRepository.java
/Users/zewei/Documents/2024-2044/17-checkba_cloud/backend/src/main/java/com/checkba/config/PgVectorConfig.java
/Users/zewei/Documents/2024-2044/17-checkba_cloud/backend/src/main/java/com/checkba/model/entity/ProjectInvitation.java
/Users/zewei/Documents/2024-2044/17-checkba_cloud/backend/src/main/java/com/checkba/service/ai/context/LegalInfoProtector.java
/Users/zewei/Documents/2024-2044/17-checkba_cloud/backend/src/main/java/com/checkba/storage/OssStorageService.java
/Users/zewei/Documents/2024-2044/17-checkba_cloud/backend/src/main/java/com/checkba/controller/ProjectMemberController.java
/Users/zewei/Documents/2024-2044/17-checkba_cloud/backend/src/main/java/com/checkba/CheckbaApplication.java
/Users/zewei/Documents/2024-2044/17-checkba_cloud/backend/src/main/java/com/checkba/model/entity/DdItem.java
/Users/zewei/Documents/2024-2044/17-checkba_cloud/backend/src/main/java/com/checkba/controller/FileController.java
/Users/zewei/Documents/2024-2044/17-checkba_cloud/backend/src/main/java/com/checkba/service/ocr/AliyunOcrClient.java
/Users/zewei/Documents/2024-2044/17-checkba_cloud/backend/src/main/java/com/checkba/service/ai/AiDocxExportService.java
/Users/zewei/Documents/2024-2044/17-checkba_cloud/backend/src/main/java/com/checkba/service/ai/ProjectRagService.java
/Users/zewei/Documents/2024-2044/17-checkba_cloud/backend/src/main/java/com/checkba/repository/DdCommentRepository.java
/Users/zewei/Documents/2024-2044/17-checkba_cloud/backend/src/main/java/com/checkba/repository/UserActivityLogRepository.java
/Users/zewei/Documents/2024-2044/17-checkba_cloud/backend/src/main/java/com/checkba/service/TagService.java
/Users/zewei/Documents/2024-2044/17-checkba_cloud/backend/src/main/java/com/checkba/service/ai/context/ConversationSummarizer.java
/Users/zewei/Documents/2024-2044/17-checkba_cloud/backend/src/main/java/com/checkba/controller/BrowserProxyController.java
/Users/zewei/Documents/2024-2044/17-checkba_cloud/backend/src/main/java/com/checkba/repository/DocFileLinkRepository.java
/Users/zewei/Documents/2024-2044/17-checkba_cloud/backend/src/main/java/com/checkba/config/AiConfiguration.java
/Users/zewei/Documents/2024-2044/17-checkba_cloud/backend/src/main/java/com/checkba/controller/SearchController.java
/Users/zewei/Documents/2024-2044/17-checkba_cloud/backend/src/main/java/com/checkba/service/ai/memory/MemoryManager.java
/Users/zewei/Documents/2024-2044/17-checkba_cloud/backend/src/main/java/com/checkba/model/entity/CompanyMirror.java
/Users/zewei/Documents/2024-2044/17-checkba_cloud/backend/src/main/java/com/checkba/service/ai/memory/ProjectMemoryExtractor.java
/Users/zewei/Documents/2024-2044/17-checkba_cloud/backend/src/main/java/com/checkba/service/DocFileLinkService.java
